done cbp004 14:32
skip cbp005 (no T1)
done cbp006 14:34
skip cbp007 (no T1)
done cbp008 14:35
done cbp009 14:37
done cbp010 14:39
done cbp011 14:40
skip cbp012 (no T1)
done cbp013 14:42
done cbp014 14:43
done cbp015 14:45
done cbp016 14:46
skip healthy001 (done)
skip healthy002 (no T1)
skip healthy003 (done)
skip healthy004 (done)
done healthy005 14:48
done healthy006 14:49
done healthy007 14:51
done healthy008 14:53
done healthy009 14:54
done healthy010 14:56
done healthy011 14:57
done healthy012 14:59
done healthy013 15:00
done healthy014 15:02
done healthy015 15:03
skip healthy016 (no T1)
